#1 ID
#2 ELSE
#3 ID
#4 ID
#5 ID
#6 ID
#7 IF
#8 ID
#9 ID
#10 ID
#11 FOR
#12 ID
#13 ID
#14 WHILE
#15 ID
#16 ID
#17 DO
#18 ID
#19 ID
#20 RETURN
#21 ID
#22 ID
#23 SWITCH
#24 ID
#25 ID
#26 CASE
#27 ID
#28 ID
#29 BREAK
#30 ID
#31 ID
#32 TRY
#33 ID
#34 ID
#35 CATCH
#36 ID
#37 ID
#38 FINALLY
#39 ID
#40 ID
#41 CLASS
#42 ID
#43 ID
#44 PUBLIC
#45 ID
#46 ID
#47 PRIVATE
#48 ID
#49 ID
#50 STATIC
#51 ID
#52 ID
#53 VOID
#54 ID
#55 ID
#56 BOOL_CONST
#57 BOOL_CONST
#58 ID
#59 ID
#60 ID
#61 ID